Đang đọc: data\cicids2017\Thursday-WorkingHours-Morning-WebAttacks.pcap_ISCX.csv
  Số flow sau chuẩn hóa: 170366
Label
BENIGN                      168186
Web Attack - Brute Force      1507
XSS                            652
Sqli                            21
Đang đọc: data\cicids2017\Wednesday-workingHours.pcap_ISCX.csv
  Số flow sau chuẩn hóa: 692692
Label
BENIGN        440031
HTTP Flood    241366
HTTP slow      11295
Đang đọc: data\cicids2018\Thursday-22-02-2018_TrafficForML_CICFlowMeter.csv
  Số flow sau chuẩn hóa: 1048575
Label
BENIGN                      1048213
Web Attack - Brute Force        249
XSS                              79
Sqli                             34
Bỏ qua CSV không phải CIC flow: data\xss_sqli\xss_sqli_http_requests.csv

Stratified holdout evaluation
Raw argmax classification report:
                          precision    recall  f1-score   support

                  BENIGN       1.00      1.00      1.00    414108
              HTTP Flood       1.00      1.00      1.00     60341
               HTTP slow       1.00      1.00      1.00      2824
                    Sqli       0.67      0.29      0.40        14
Web Attack - Brute Force       0.76      0.82      0.79       439
                     XSS       0.55      0.33      0.41       183

                accuracy                           1.00    477909
               macro avg       0.83      0.74      0.77    477909
            weighted avg       1.00      1.00      1.00    477909

Confusion matrix labels: ['BENIGN', 'HTTP Flood', 'HTTP slow', 'Sqli', 'Web Attack - Brute Force', 'XSS']
[[414041     64      3      0      0      0]
 [    26  60315      0      0      0      0]
 [     9      0   2815      0      0      0]
 [     6      0      0      4      4      0]
 [    25      0      1      2    361     50]
 [     9      1      1      0    111     61]]

Live IDS prediction report (BENIGN backstop threshold=0.15):
                          precision    recall  f1-score   support

                  BENIGN       1.00      1.00      1.00    414108
              HTTP Flood       1.00      1.00      1.00     60341
               HTTP slow       0.98      1.00      0.99      2824
                    Sqli       0.62      0.36      0.45        14
Web Attack - Brute Force       0.74      0.86      0.80       439
                     XSS       0.54      0.37      0.44       183

                accuracy                           1.00    477909
               macro avg       0.81      0.76      0.78    477909
            weighted avg       1.00      1.00      1.00    477909

Binary attack detection: recall=0.9998 (63788/63801), benign false-positive rate=0.0007 (307/414108)

Cross-source stress test: train only on CIC-IDS-2017, evaluate CIC-IDS-2018 (the final IDS model is trained on all configured sources)
Raw argmax classification report:
                          precision    recall  f1-score   support

                  BENIGN       1.00      0.96      0.98   1048213
              HTTP Flood       0.00      0.00      0.00         0
               HTTP slow       0.00      0.00      0.00         0
                    Sqli       0.00      0.00      0.00        34
Web Attack - Brute Force       0.50      0.01      0.02       249
                     XSS       0.00      0.00      0.00        79

                accuracy                           0.96   1048575
               macro avg       0.25      0.16      0.17   1048575
            weighted avg       1.00      0.96      0.98   1048575

Confusion matrix labels: ['BENIGN', 'HTTP Flood', 'HTTP slow', 'Sqli', 'Web Attack - Brute Force', 'XSS']
[[1006668   41356     189       0       0       0]
 [      0       0       0       0       0       0]
 [      0       0       0       0       0       0]
 [     33       0       0       0       1       0]
 [    235      12       0       0       2       0]
 [     76       2       0       0       1       0]]

Live IDS prediction report (BENIGN backstop threshold=0.15):
                          precision    recall  f1-score   support

                  BENIGN       1.00      0.86      0.93   1048213
              HTTP Flood       0.00      0.00      0.00         0
               HTTP slow       0.00      0.00      0.00         0
                    Sqli       1.00      0.06      0.11        34
Web Attack - Brute Force       0.22      0.28      0.25       249
                     XSS       0.51      0.48      0.50        79

                accuracy                           0.86   1048575
               macro avg       0.46      0.28      0.30   1048575
            weighted avg       1.00      0.86      0.93   1048575

Binary attack detection: recall=0.7182 (260/362), benign false-positive rate=0.1356 (142096/1048213)

Final model (fit on all 1,911,633 flows) saved: reports\model_candidates\rf_model_http_dos_labels.pkl
Final classes: ['BENIGN', 'HTTP Flood', 'HTTP slow', 'Sqli', 'Web Attack - Brute Force', 'XSS']
CLASSES: ['BENIGN', 'HTTP Flood', 'HTTP slow', 'Sqli', 'Web Attack - Brute Force', 'XSS']
